==== 同步运行开始 2026-07-17 09:27:13 ====
📅 当前同步时间配置：0 0 * * *
📥 正在下载：https://github.com/SagerNet/sing-box/releases/download/v1.13.14/sing-box-1.13.14-linux-amd64.tar.gz
📁 新文件：filer/sing-box-1.13.14-linux-amd64.tar.gz
📥 正在下载：https://16441.kstore.space/jjoo.json
✅ 无变化：filer/jjoo.json
📥 正在下载：https://suoha.psai.eu.org/suoha.sh
✅ 无变化：filer/suoha.sh
📥 正在下载：https://raw.githubusercontent.com/fscarmen/sing-box/main/sing-box.sh
✅ 无变化：filer/sing-box.sh
==== 同步运行结束 ====
==== 同步运行开始 2026-07-18 09:18:51 ====
📅 当前同步时间配置：0 0 * * *
📥 正在下载：https://github.com/SagerNet/sing-box/releases/download/v1.13.14/sing-box-1.13.14-linux-amd64.tar.gz
✅ 无变化：filer/sing-box-1.13.14-linux-amd64.tar.gz
📥 正在下载：https://16441.kstore.space/jjoo.json
✅ 无变化：filer/jjoo.json
📥 正在下载：https://suoha.psai.eu.org/suoha.sh
✅ 无变化：filer/suoha.sh
📥 正在下载：https://raw.githubusercontent.com/fscarmen/sing-box/main/sing-box.sh
✅ 无变化：filer/sing-box.sh
==== 同步运行结束 ====
==== 同步运行开始 2026-07-19 09:24:51 ====
📅 当前同步时间配置：0 0 * * *
📥 正在下载：https://github.com/SagerNet/sing-box/releases/download/v1.13.14/sing-box-1.13.14-linux-amd64.tar.gz
✅ 无变化：filer/sing-box-1.13.14-linux-amd64.tar.gz
📥 正在下载：https://16441.kstore.space/jjoo.json
✅ 无变化：filer/jjoo.json
📥 正在下载：https://suoha.psai.eu.org/suoha.sh
✅ 无变化：filer/suoha.sh
📥 正在下载：https://raw.githubusercontent.com/fscarmen/sing-box/main/sing-box.sh
✅ 无变化：filer/sing-box.sh
==== 同步运行结束 ====
==== 同步运行开始 2026-07-20 09:50:48 ====
📅 当前同步时间配置：0 0 * * *
📥 正在下载：https://github.com/SagerNet/sing-box/releases/download/v1.13.14/sing-box-1.13.14-linux-amd64.tar.gz
✅ 无变化：filer/sing-box-1.13.14-linux-amd64.tar.gz
📥 正在下载：https://16441.kstore.space/jjoo.json
✅ 无变化：filer/jjoo.json
📥 正在下载：https://suoha.psai.eu.org/suoha.sh
✅ 无变化：filer/suoha.sh
📥 正在下载：https://raw.githubusercontent.com/fscarmen/sing-box/main/sing-box.sh
✅ 无变化：filer/sing-box.sh
==== 同步运行结束 ====
==== 同步运行开始 2026-07-21 09:24:41 ====
📅 当前同步时间配置：0 0 * * *
📥 正在下载：https://github.com/SagerNet/sing-box/releases/download/v1.13.14/sing-box-1.13.14-linux-amd64.tar.gz
✅ 无变化：filer/sing-box-1.13.14-linux-amd64.tar.gz
📥 正在下载：https://16441.kstore.space/jjoo.json
✅ 无变化：filer/jjoo.json
📥 正在下载：https://suoha.psai.eu.org/suoha.sh
✅ 无变化：filer/suoha.sh
📥 正在下载：https://raw.githubusercontent.com/fscarmen/sing-box/main/sing-box.sh
🔄 文件更新：filer/sing-box.sh
==== 同步运行结束 ====
==== 同步运行开始 2026-07-22 09:23:05 ====
📅 当前同步时间配置：0 0 * * *
📥 正在下载：https://github.com/SagerNet/sing-box/releases/download/v1.13.14/sing-box-1.13.14-linux-amd64.tar.gz
✅ 无变化：filer/sing-box-1.13.14-linux-amd64.tar.gz
📥 正在下载：https://16441.kstore.space/jjoo.json
✅ 无变化：filer/jjoo.json
📥 正在下载：https://suoha.psai.eu.org/suoha.sh
✅ 无变化：filer/suoha.sh
📥 正在下载：https://raw.githubusercontent.com/fscarmen/sing-box/main/sing-box.sh
🔄 文件更新：filer/sing-box.sh
==== 同步运行结束 ====
==== 同步运行开始 2026-07-23 09:43:06 ====
📅 当前同步时间配置：0 0 * * *
📥 正在下载：https://github.com/SagerNet/sing-box/releases/download/v1.13.14/sing-box-1.13.14-linux-amd64.tar.gz
✅ 无变化：filer/sing-box-1.13.14-linux-amd64.tar.gz
📥 正在下载：https://16441.kstore.space/jjoo.json
✅ 无变化：filer/jjoo.json
📥 正在下载：https://suoha.psai.eu.org/suoha.sh
✅ 无变化：filer/suoha.sh
📥 正在下载：https://raw.githubusercontent.com/fscarmen/sing-box/main/sing-box.sh
✅ 无变化：filer/sing-box.sh
==== 同步运行结束 ====
==== 同步运行开始 2026-07-24 09:27:22 ====
📅 当前同步时间配置：0 0 * * *
📥 正在下载：https://github.com/SagerNet/sing-box/releases/download/v1.13.14/sing-box-1.13.14-linux-amd64.tar.gz
✅ 无变化：filer/sing-box-1.13.14-linux-amd64.tar.gz
📥 正在下载：https://16441.kstore.space/jjoo.json
✅ 无变化：filer/jjoo.json
📥 正在下载：https://suoha.psai.eu.org/suoha.sh
✅ 无变化：filer/suoha.sh
📥 正在下载：https://raw.githubusercontent.com/fscarmen/sing-box/main/sing-box.sh
✅ 无变化：filer/sing-box.sh
==== 同步运行结束 ====
==== 同步运行开始 2026-07-26 09:30:21 ====
📅 当前同步时间配置：0 0 * * *
📥 正在下载：https://github.com/SagerNet/sing-box/releases/download/v1.13.14/sing-box-1.13.14-linux-amd64.tar.gz
✅ 无变化：filer/sing-box-1.13.14-linux-amd64.tar.gz
📥 正在下载：https://16441.kstore.space/jjoo.json
✅ 无变化：filer/jjoo.json
📥 正在下载：https://suoha.psai.eu.org/suoha.sh
✅ 无变化：filer/suoha.sh
📥 正在下载：https://raw.githubusercontent.com/fscarmen/sing-box/main/sing-box.sh
🔄 文件更新：filer/sing-box.sh
==== 同步运行结束 ====
==== 同步运行开始 2026-07-27 09:48:25 ====
📅 当前同步时间配置：0 0 * * *
📥 正在下载：https://github.com/SagerNet/sing-box/releases/download/v1.13.14/sing-box-1.13.14-linux-amd64.tar.gz
✅ 无变化：filer/sing-box-1.13.14-linux-amd64.tar.gz
📥 正在下载：https://16441.kstore.space/jjoo.json
✅ 无变化：filer/jjoo.json
📥 正在下载：https://suoha.psai.eu.org/suoha.sh
✅ 无变化：filer/suoha.sh
📥 正在下载：https://raw.githubusercontent.com/fscarmen/sing-box/main/sing-box.sh
✅ 无变化：filer/sing-box.sh
==== 同步运行结束 ====
==== 同步运行开始 2026-07-28 09:22:31 ====
📅 当前同步时间配置：0 0 * * *
📥 正在下载：https://github.com/SagerNet/sing-box/releases/download/v1.13.14/sing-box-1.13.14-linux-amd64.tar.gz
✅ 无变化：filer/sing-box-1.13.14-linux-amd64.tar.gz
📥 正在下载：https://16441.kstore.space/jjoo.json
✅ 无变化：filer/jjoo.json
📥 正在下载：https://suoha.psai.eu.org/suoha.sh
✅ 无变化：filer/suoha.sh
📥 正在下载：https://raw.githubusercontent.com/fscarmen/sing-box/main/sing-box.sh
✅ 无变化：filer/sing-box.sh
==== 同步运行结束 ====
==== 同步运行开始 2026-07-29 09:23:18 ====
📅 当前同步时间配置：0 0 * * *
📥 正在下载：https://github.com/SagerNet/sing-box/releases/download/v1.13.14/sing-box-1.13.14-linux-amd64.tar.gz
✅ 无变化：filer/sing-box-1.13.14-linux-amd64.tar.gz
📥 正在下载：https://16441.kstore.space/jjoo.json
✅ 无变化：filer/jjoo.json
📥 正在下载：https://suoha.psai.eu.org/suoha.sh
✅ 无变化：filer/suoha.sh
📥 正在下载：https://raw.githubusercontent.com/fscarmen/sing-box/main/sing-box.sh
🔄 文件更新：filer/sing-box.sh
==== 同步运行结束 ====
==== 同步运行开始 2026-07-30 09:16:32 ====
📅 当前同步时间配置：0 0 * * *
📥 正在下载：https://github.com/SagerNet/sing-box/releases/download/v1.13.14/sing-box-1.13.14-linux-amd64.tar.gz
✅ 无变化：filer/sing-box-1.13.14-linux-amd64.tar.gz
📥 正在下载：https://16441.kstore.space/jjoo.json
✅ 无变化：filer/jjoo.json
📥 正在下载：https://suoha.psai.eu.org/suoha.sh
✅ 无变化：filer/suoha.sh
📥 正在下载：https://raw.githubusercontent.com/fscarmen/sing-box/main/sing-box.sh
✅ 无变化：filer/sing-box.sh
==== 同步运行结束 ====
==== 同步运行开始 2026-07-31 09:43:31 ====
📅 当前同步时间配置：0 0 * * *
📥 正在下载：https://github.com/SagerNet/sing-box/releases/download/v1.13.14/sing-box-1.13.14-linux-amd64.tar.gz
✅ 无变化：filer/sing-box-1.13.14-linux-amd64.tar.gz
📥 正在下载：https://16441.kstore.space/jjoo.json
✅ 无变化：filer/jjoo.json
📥 正在下载：https://suoha.psai.eu.org/suoha.sh
✅ 无变化：filer/suoha.sh
📥 正在下载：https://raw.githubusercontent.com/fscarmen/sing-box/main/sing-box.sh
✅ 无变化：filer/sing-box.sh
==== 同步运行结束 ====
==== 同步运行开始 2026-08-01 09:44:29 ====
📅 当前同步时间配置：0 0 * * *
📥 正在下载：https://github.com/SagerNet/sing-box/releases/download/v1.13.14/sing-box-1.13.14-linux-amd64.tar.gz
✅ 无变化：filer/sing-box-1.13.14-linux-amd64.tar.gz
📥 正在下载：https://16441.kstore.space/jjoo.json
✅ 无变化：filer/jjoo.json
📥 正在下载：https://suoha.psai.eu.org/suoha.sh
✅ 无变化：filer/suoha.sh
📥 正在下载：https://raw.githubusercontent.com/fscarmen/sing-box/main/sing-box.sh
🔄 文件更新：filer/sing-box.sh
==== 同步运行结束 ====
==== 同步运行开始 2026-08-02 09:29:46 ====
📅 当前同步时间配置：0 0 * * *
📥 正在下载：https://github.com/SagerNet/sing-box/releases/download/v1.13.14/sing-box-1.13.14-linux-amd64.tar.gz
✅ 无变化：filer/sing-box-1.13.14-linux-amd64.tar.gz
📥 正在下载：https://16441.kstore.space/jjoo.json
✅ 无变化：filer/jjoo.json
📥 正在下载：https://suoha.psai.eu.org/suoha.sh
✅ 无变化：filer/suoha.sh
📥 正在下载：https://raw.githubusercontent.com/fscarmen/sing-box/main/sing-box.sh
✅ 无变化：filer/sing-box.sh
==== 同步运行结束 ====
==== 同步运行开始 2026-08-03 09:30:08 ====
📅 当前同步时间配置：0 0 * * *
📥 正在下载：https://github.com/SagerNet/sing-box/releases/download/v1.13.14/sing-box-1.13.14-linux-amd64.tar.gz
✅ 无变化：filer/sing-box-1.13.14-linux-amd64.tar.gz
📥 正在下载：https://16441.kstore.space/jjoo.json
✅ 无变化：filer/jjoo.json
📥 正在下载：https://suoha.psai.eu.org/suoha.sh
✅ 无变化：filer/suoha.sh
📥 正在下载：https://raw.githubusercontent.com/fscarmen/sing-box/main/sing-box.sh
🔄 文件更新：filer/sing-box.sh
==== 同步运行结束 ====
==== 同步运行开始 2026-08-04 09:19:37 ====
📅 当前同步时间配置：0 0 * * *
📥 正在下载：https://github.com/SagerNet/sing-box/releases/download/v1.13.14/sing-box-1.13.14-linux-amd64.tar.gz
✅ 无变化：filer/sing-box-1.13.14-linux-amd64.tar.gz
📥 正在下载：https://16441.kstore.space/jjoo.json
✅ 无变化：filer/jjoo.json
📥 正在下载：https://suoha.psai.eu.org/suoha.sh
✅ 无变化：filer/suoha.sh
📥 正在下载：https://raw.githubusercontent.com/fscarmen/sing-box/main/sing-box.sh
✅ 无变化：filer/sing-box.sh
==== 同步运行结束 ====
==== 同步运行开始 2026-08-05 09:24:26 ====
📅 当前同步时间配置：0 0 * * *
📥 正在下载：https://github.com/SagerNet/sing-box/releases/download/v1.13.14/sing-box-1.13.14-linux-amd64.tar.gz
✅ 无变化：filer/sing-box-1.13.14-linux-amd64.tar.gz
📥 正在下载：https://16441.kstore.space/jjoo.json
✅ 无变化：filer/jjoo.json
📥 正在下载：https://suoha.psai.eu.org/suoha.sh
✅ 无变化：filer/suoha.sh
📥 正在下载：https://raw.githubusercontent.com/fscarmen/sing-box/main/sing-box.sh
🔄 文件更新：filer/sing-box.sh
📥 正在下载：https://gitlab.com/fscarmen/warp/-/raw/main/menu.sh
📁 新文件：filer/menu.sh
==== 同步运行结束 ====
==== 同步运行开始 2026-08-06 09:21:51 ====
📅 当前同步时间配置：0 0 * * *
📥 正在下载：https://github.com/SagerNet/sing-box/releases/download/v1.13.14/sing-box-1.13.14-linux-amd64.tar.gz
✅ 无变化：filer/sing-box-1.13.14-linux-amd64.tar.gz
📥 正在下载：https://16441.kstore.space/jjoo.json
✅ 无变化：filer/jjoo.json
📥 正在下载：https://suoha.psai.eu.org/suoha.sh
✅ 无变化：filer/suoha.sh
📥 正在下载：https://raw.githubusercontent.com/fscarmen/sing-box/main/sing-box.sh
✅ 无变化：filer/sing-box.sh
📥 正在下载：https://gitlab.com/fscarmen/warp/-/raw/main/menu.sh
✅ 无变化：filer/menu.sh
==== 同步运行结束 ====
==== 同步运行开始 2026-08-07 10:01:05 ====
📅 当前同步时间配置：0 0 * * *
📥 正在下载：https://github.com/SagerNet/sing-box/releases/download/v1.13.14/sing-box-1.13.14-linux-amd64.tar.gz
✅ 无变化：filer/sing-box-1.13.14-linux-amd64.tar.gz
📥 正在下载：https://16441.kstore.space/jjoo.json
✅ 无变化：filer/jjoo.json
📥 正在下载：https://suoha.psai.eu.org/suoha.sh
✅ 无变化：filer/suoha.sh
📥 正在下载：https://raw.githubusercontent.com/fscarmen/sing-box/main/sing-box.sh
✅ 无变化：filer/sing-box.sh
📥 正在下载：https://gitlab.com/fscarmen/warp/-/raw/main/menu.sh
✅ 无变化：filer/menu.sh
==== 同步运行结束 ====
==== 同步运行开始 2026-08-08 08:44:42 ====
📅 当前同步时间配置：0 0 * * *
📥 正在下载：https://github.com/SagerNet/sing-box/releases/download/v1.13.14/sing-box-1.13.14-linux-amd64.tar.gz
✅ 无变化：filer/sing-box-1.13.14-linux-amd64.tar.gz
📥 正在下载：https://16441.kstore.space/jjoo.json
✅ 无变化：filer/jjoo.json
📥 正在下载：https://suoha.psai.eu.org/suoha.sh
✅ 无变化：filer/suoha.sh
📥 正在下载：https://raw.githubusercontent.com/fscarmen/sing-box/main/sing-box.sh
🔄 文件更新：filer/sing-box.sh
📥 正在下载：https://gitlab.com/fscarmen/warp/-/raw/main/menu.sh
✅ 无变化：filer/menu.sh
==== 同步运行结束 ====
==== 同步运行开始 2026-08-09 08:48:16 ====
📅 当前同步时间配置：0 0 * * *
📥 正在下载：https://github.com/SagerNet/sing-box/releases/download/v1.13.14/sing-box-1.13.14-linux-amd64.tar.gz
✅ 无变化：filer/sing-box-1.13.14-linux-amd64.tar.gz
📥 正在下载：https://16441.kstore.space/jjoo.json
✅ 无变化：filer/jjoo.json
📥 正在下载：https://suoha.psai.eu.org/suoha.sh
✅ 无变化：filer/suoha.sh
📥 正在下载：https://raw.githubusercontent.com/fscarmen/sing-box/main/sing-box.sh
✅ 无变化：filer/sing-box.sh
📥 正在下载：https://gitlab.com/fscarmen/warp/-/raw/main/menu.sh
🔄 文件更新：filer/menu.sh
==== 同步运行结束 ====
==== 同步运行开始 2026-08-10 08:50:50 ====
📅 当前同步时间配置：0 0 * * *
📥 正在下载：https://github.com/SagerNet/sing-box/releases/download/v1.13.14/sing-box-1.13.14-linux-amd64.tar.gz
✅ 无变化：filer/sing-box-1.13.14-linux-amd64.tar.gz
📥 正在下载：https://16441.kstore.space/jjoo.json
✅ 无变化：filer/jjoo.json
📥 正在下载：https://suoha.psai.eu.org/suoha.sh
✅ 无变化：filer/suoha.sh
📥 正在下载：https://raw.githubusercontent.com/fscarmen/sing-box/main/sing-box.sh
✅ 无变化：filer/sing-box.sh
📥 正在下载：https://gitlab.com/fscarmen/warp/-/raw/main/menu.sh
🔄 文件更新：filer/menu.sh
==== 同步运行结束 ====
==== 同步运行开始 2026-08-11 08:50:10 ====
📅 当前同步时间配置：0 0 * * *
📥 正在下载：https://github.com/SagerNet/sing-box/releases/download/v1.13.14/sing-box-1.13.14-linux-amd64.tar.gz
✅ 无变化：filer/sing-box-1.13.14-linux-amd64.tar.gz
📥 正在下载：https://16441.kstore.space/jjoo.json
✅ 无变化：filer/jjoo.json
📥 正在下载：https://suoha.psai.eu.org/suoha.sh
✅ 无变化：filer/suoha.sh
📥 正在下载：https://raw.githubusercontent.com/fscarmen/sing-box/main/sing-box.sh
✅ 无变化：filer/sing-box.sh
📥 正在下载：https://gitlab.com/fscarmen/warp/-/raw/main/menu.sh
🔄 文件更新：filer/menu.sh
==== 同步运行结束 ====
==== 同步运行开始 2026-08-12 08:56:40 ====
📅 当前同步时间配置：0 0 * * *
📥 正在下载：https://github.com/SagerNet/sing-box/releases/download/v1.13.14/sing-box-1.13.14-linux-amd64.tar.gz
✅ 无变化：filer/sing-box-1.13.14-linux-amd64.tar.gz
📥 正在下载：https://16441.kstore.space/jjoo.json
✅ 无变化：filer/jjoo.json
📥 正在下载：https://suoha.psai.eu.org/suoha.sh
✅ 无变化：filer/suoha.sh
📥 正在下载：https://raw.githubusercontent.com/fscarmen/sing-box/main/sing-box.sh
🔄 文件更新：filer/sing-box.sh
📥 正在下载：https://gitlab.com/fscarmen/warp/-/raw/main/menu.sh
✅ 无变化：filer/menu.sh
==== 同步运行结束 ====
==== 同步运行开始 2026-08-13 08:58:00 ====
📅 当前同步时间配置：0 0 * * *
📥 正在下载：https://github.com/SagerNet/sing-box/releases/download/v1.13.14/sing-box-1.13.14-linux-amd64.tar.gz
✅ 无变化：filer/sing-box-1.13.14-linux-amd64.tar.gz
📥 正在下载：https://16441.kstore.space/jjoo.json
🔄 文件更新：filer/jjoo.json
📥 正在下载：https://suoha.psai.eu.org/suoha.sh
✅ 无变化：filer/suoha.sh
📥 正在下载：https://raw.githubusercontent.com/fscarmen/sing-box/main/sing-box.sh
✅ 无变化：filer/sing-box.sh
📥 正在下载：https://gitlab.com/fscarmen/warp/-/raw/main/menu.sh
✅ 无变化：filer/menu.sh
📥 正在下载：https://raw.githubusercontent.com/eooce/Sing-box/main/sing-box.sh
📁 新文件：filer/sing-box1.sh.sh
📥 正在下载：https://raw.githubusercontent.com/eooce/ssh_tool/main/ssh_tool.sh
📁 新文件：filer/ssh_tool.sh
==== 同步运行结束 ====
==== 同步运行开始 2026-08-14 08:57:11 ====
📅 当前同步时间配置：0 0 * * *
📥 正在下载：https://github.com/SagerNet/sing-box/releases/download/v1.13.14/sing-box-1.13.14-linux-amd64.tar.gz
✅ 无变化：filer/sing-box-1.13.14-linux-amd64.tar.gz
📥 正在下载：https://16441.kstore.space/jjoo.json
✅ 无变化：filer/jjoo.json
📥 正在下载：https://suoha.psai.eu.org/suoha.sh
✅ 无变化：filer/suoha.sh
📥 正在下载：https://raw.githubusercontent.com/fscarmen/sing-box/main/sing-box.sh
🔄 文件更新：filer/sing-box.sh
📥 正在下载：https://gitlab.com/fscarmen/warp/-/raw/main/menu.sh
✅ 无变化：filer/menu.sh
📥 正在下载：https://raw.githubusercontent.com/eooce/Sing-box/main/sing-box.sh
✅ 无变化：filer/sing-box1.sh.sh
📥 正在下载：https://raw.githubusercontent.com/eooce/ssh_tool/main/ssh_tool.sh
✅ 无变化：filer/ssh_tool.sh
==== 同步运行结束 ====
==== 同步运行开始 2026-08-15 08:33:23 ====
📅 当前同步时间配置：0 0 * * *
📥 正在下载：https://github.com/SagerNet/sing-box/releases/download/v1.13.14/sing-box-1.13.14-linux-amd64.tar.gz
✅ 无变化：filer/sing-box-1.13.14-linux-amd64.tar.gz
📥 正在下载：https://16441.kstore.space/jjoo.json
✅ 无变化：filer/jjoo.json
📥 正在下载：https://suoha.psai.eu.org/suoha.sh
✅ 无变化：filer/suoha.sh
📥 正在下载：https://raw.githubusercontent.com/fscarmen/sing-box/main/sing-box.sh
🔄 文件更新：filer/sing-box.sh
📥 正在下载：https://gitlab.com/fscarmen/warp/-/raw/main/menu.sh
✅ 无变化：filer/menu.sh
📥 正在下载：https://raw.githubusercontent.com/eooce/Sing-box/main/sing-box.sh
✅ 无变化：filer/sing-box1.sh.sh
📥 正在下载：https://raw.githubusercontent.com/eooce/ssh_tool/main/ssh_tool.sh
✅ 无变化：filer/ssh_tool.sh
==== 同步运行结束 ====
==== 同步运行开始 2026-08-16 08:34:50 ====
📅 当前同步时间配置：0 0 * * *
📥 正在下载：https://github.com/SagerNet/sing-box/releases/download/v1.13.14/sing-box-1.13.14-linux-amd64.tar.gz
✅ 无变化：filer/sing-box-1.13.14-linux-amd64.tar.gz
📥 正在下载：https://16441.kstore.space/jjoo.json
✅ 无变化：filer/jjoo.json
📥 正在下载：https://suoha.psai.eu.org/suoha.sh
✅ 无变化：filer/suoha.sh
📥 正在下载：https://raw.githubusercontent.com/fscarmen/sing-box/main/sing-box.sh
🔄 文件更新：filer/sing-box.sh
📥 正在下载：https://gitlab.com/fscarmen/warp/-/raw/main/menu.sh
✅ 无变化：filer/menu.sh
📥 正在下载：https://raw.githubusercontent.com/eooce/Sing-box/main/sing-box.sh
✅ 无变化：filer/sing-box1.sh.sh
📥 正在下载：https://raw.githubusercontent.com/eooce/ssh_tool/main/ssh_tool.sh
✅ 无变化：filer/ssh_tool.sh
==== 同步运行结束 ====
==== 同步运行开始 2026-08-17 08:32:45 ====
📅 当前同步时间配置：0 0 * * *
📥 正在下载：https://github.com/SagerNet/sing-box/releases/download/v1.13.14/sing-box-1.13.14-linux-amd64.tar.gz
✅ 无变化：filer/sing-box-1.13.14-linux-amd64.tar.gz
📥 正在下载：https://16441.kstore.space/jjoo.json
✅ 无变化：filer/jjoo.json
📥 正在下载：https://suoha.psai.eu.org/suoha.sh
✅ 无变化：filer/suoha.sh
📥 正在下载：https://raw.githubusercontent.com/fscarmen/sing-box/main/sing-box.sh
✅ 无变化：filer/sing-box.sh
📥 正在下载：https://gitlab.com/fscarmen/warp/-/raw/main/menu.sh
✅ 无变化：filer/menu.sh
📥 正在下载：https://raw.githubusercontent.com/eooce/Sing-box/main/sing-box.sh
✅ 无变化：filer/sing-box1.sh.sh
📥 正在下载：https://raw.githubusercontent.com/eooce/ssh_tool/main/ssh_tool.sh
✅ 无变化：filer/ssh_tool.sh
==== 同步运行结束 ====
==== 同步运行开始 2026-08-18 08:32:48 ====
📅 当前同步时间配置：0 0 * * *
📥 正在下载：https://github.com/SagerNet/sing-box/releases/download/v1.13.14/sing-box-1.13.14-linux-amd64.tar.gz
✅ 无变化：filer/sing-box-1.13.14-linux-amd64.tar.gz
📥 正在下载：https://16441.kstore.space/jjoo.json
✅ 无变化：filer/jjoo.json
📥 正在下载：https://suoha.psai.eu.org/suoha.sh
✅ 无变化：filer/suoha.sh
📥 正在下载：https://raw.githubusercontent.com/fscarmen/sing-box/main/sing-box.sh
🔄 文件更新：filer/sing-box.sh
📥 正在下载：https://gitlab.com/fscarmen/warp/-/raw/main/menu.sh
✅ 无变化：filer/menu.sh
📥 正在下载：https://raw.githubusercontent.com/eooce/Sing-box/main/sing-box.sh
✅ 无变化：filer/sing-box1.sh.sh
📥 正在下载：https://raw.githubusercontent.com/eooce/ssh_tool/main/ssh_tool.sh
✅ 无变化：filer/ssh_tool.sh
==== 同步运行结束 ====
==== 同步运行开始 2026-08-19 08:33:31 ====
📅 当前同步时间配置：0 0 * * *
📥 正在下载：https://github.com/SagerNet/sing-box/releases/download/v1.13.14/sing-box-1.13.14-linux-amd64.tar.gz
✅ 无变化：filer/sing-box-1.13.14-linux-amd64.tar.gz
📥 正在下载：https://16441.kstore.space/jjoo.json
✅ 无变化：filer/jjoo.json
📥 正在下载：https://suoha.psai.eu.org/suoha.sh
✅ 无变化：filer/suoha.sh
📥 正在下载：https://raw.githubusercontent.com/fscarmen/sing-box/main/sing-box.sh
✅ 无变化：filer/sing-box.sh
📥 正在下载：https://gitlab.com/fscarmen/warp/-/raw/main/menu.sh
🔄 文件更新：filer/menu.sh
📥 正在下载：https://raw.githubusercontent.com/eooce/Sing-box/main/sing-box.sh
✅ 无变化：filer/sing-box1.sh.sh
📥 正在下载：https://raw.githubusercontent.com/eooce/ssh_tool/main/ssh_tool.sh
✅ 无变化：filer/ssh_tool.sh
==== 同步运行结束 ====
==== 同步运行开始 2026-08-20 08:33:10 ====
📅 当前同步时间配置：0 0 * * *
📥 正在下载：https://github.com/SagerNet/sing-box/releases/download/v1.13.14/sing-box-1.13.14-linux-amd64.tar.gz
✅ 无变化：filer/sing-box-1.13.14-linux-amd64.tar.gz
📥 正在下载：https://16441.kstore.space/jjoo.json
✅ 无变化：filer/jjoo.json
📥 正在下载：https://suoha.psai.eu.org/suoha.sh
✅ 无变化：filer/suoha.sh
📥 正在下载：https://raw.githubusercontent.com/fscarmen/sing-box/main/sing-box.sh
✅ 无变化：filer/sing-box.sh
📥 正在下载：https://gitlab.com/fscarmen/warp/-/raw/main/menu.sh
✅ 无变化：filer/menu.sh
📥 正在下载：https://raw.githubusercontent.com/eooce/Sing-box/main/sing-box.sh
✅ 无变化：filer/sing-box1.sh.sh
📥 正在下载：https://raw.githubusercontent.com/eooce/ssh_tool/main/ssh_tool.sh
✅ 无变化：filer/ssh_tool.sh
==== 同步运行结束 ====
==== 同步运行开始 2026-08-21 08:35:22 ====
📅 当前同步时间配置：0 0 * * *
📥 正在下载：https://github.com/SagerNet/sing-box/releases/download/v1.13.14/sing-box-1.13.14-linux-amd64.tar.gz
✅ 无变化：filer/sing-box-1.13.14-linux-amd64.tar.gz
📥 正在下载：https://16441.kstore.space/jjoo.json
✅ 无变化：filer/jjoo.json
📥 正在下载：https://suoha.psai.eu.org/suoha.sh
✅ 无变化：filer/suoha.sh
📥 正在下载：https://raw.githubusercontent.com/fscarmen/sing-box/main/sing-box.sh
✅ 无变化：filer/sing-box.sh
📥 正在下载：https://gitlab.com/fscarmen/warp/-/raw/main/menu.sh
✅ 无变化：filer/menu.sh
📥 正在下载：https://raw.githubusercontent.com/eooce/Sing-box/main/sing-box.sh
✅ 无变化：filer/sing-box1.sh.sh
📥 正在下载：https://raw.githubusercontent.com/eooce/ssh_tool/main/ssh_tool.sh
✅ 无变化：filer/ssh_tool.sh
==== 同步运行结束 ====
==== 同步运行开始 2026-08-22 08:32:40 ====
📅 当前同步时间配置：0 0 * * *
📥 正在下载：https://github.com/SagerNet/sing-box/releases/download/v1.13.14/sing-box-1.13.14-linux-amd64.tar.gz
✅ 无变化：filer/sing-box-1.13.14-linux-amd64.tar.gz
📥 正在下载：https://16441.kstore.space/jjoo.json
✅ 无变化：filer/jjoo.json
📥 正在下载：https://suoha.psai.eu.org/suoha.sh
✅ 无变化：filer/suoha.sh
📥 正在下载：https://raw.githubusercontent.com/fscarmen/sing-box/main/sing-box.sh
🔄 文件更新：filer/sing-box.sh
📥 正在下载：https://gitlab.com/fscarmen/warp/-/raw/main/menu.sh
✅ 无变化：filer/menu.sh
📥 正在下载：https://raw.githubusercontent.com/eooce/Sing-box/main/sing-box.sh
✅ 无变化：filer/sing-box1.sh.sh
📥 正在下载：https://raw.githubusercontent.com/eooce/ssh_tool/main/ssh_tool.sh
✅ 无变化：filer/ssh_tool.sh
==== 同步运行结束 ====
==== 同步运行开始 2026-08-23 08:36:03 ====
📅 当前同步时间配置：0 0 * * *
📥 正在下载：https://github.com/SagerNet/sing-box/releases/download/v1.13.14/sing-box-1.13.14-linux-amd64.tar.gz
✅ 无变化：filer/sing-box-1.13.14-linux-amd64.tar.gz
📥 正在下载：https://16441.kstore.space/jjoo.json
✅ 无变化：filer/jjoo.json
📥 正在下载：https://suoha.psai.eu.org/suoha.sh
✅ 无变化：filer/suoha.sh
📥 正在下载：https://raw.githubusercontent.com/fscarmen/sing-box/main/sing-box.sh
🔄 文件更新：filer/sing-box.sh
📥 正在下载：https://gitlab.com/fscarmen/warp/-/raw/main/menu.sh
🔄 文件更新：filer/menu.sh
📥 正在下载：https://raw.githubusercontent.com/eooce/Sing-box/main/sing-box.sh
✅ 无变化：filer/sing-box1.sh.sh
📥 正在下载：https://raw.githubusercontent.com/eooce/ssh_tool/main/ssh_tool.sh
✅ 无变化：filer/ssh_tool.sh
==== 同步运行结束 ====
==== 同步运行开始 2026-08-23 19:36:29 ====
📅 当前同步时间配置：0 0 * * *
📥 正在下载：https://github.com/SagerNet/sing-box/releases/download/v1.13.14/sing-box-1.13.14-linux-amd64.tar.gz
✅ 无变化：filer/sing-box-1.13.14-linux-amd64.tar.gz
📥 正在下载：https://16441.kstore.space/jjoo.json
✅ 无变化：filer/jjoo.json
📥 正在下载：https://suoha.psai.eu.org/suoha.sh
✅ 无变化：filer/suoha.sh
📥 正在下载：https://raw.githubusercontent.com/fscarmen/sing-box/main/sing-box.sh
✅ 无变化：filer/sing-box.sh
📥 正在下载：https://gitlab.com/fscarmen/warp/-/raw/main/menu.sh
✅ 无变化：filer/menu.sh
📥 正在下载：https://raw.githubusercontent.com/eooce/Sing-box/main/sing-box.sh
✅ 无变化：filer/sing-box1.sh.sh
📥 正在下载：https://raw.githubusercontent.com/eooce/ssh_tool/main/ssh_tool.sh
✅ 无变化：filer/ssh_tool.sh
🔎 检查 GitHub 最新版本：MatsuriDayo/NekoBoxForAndroid
❌ 未找到 GitHub Release 文件：MatsuriDayo/NekoBoxForAndroid NekoBox-.*arm64-v8a.apk 
==== 同步运行结束 ====
==== 同步运行开始 2026-08-23 19:39:26 ====
📅 当前同步时间配置：0 0 * * *
📥 正在下载：https://github.com/SagerNet/sing-box/releases/download/v1.13.14/sing-box-1.13.14-linux-amd64.tar.gz
✅ 无变化：filer/sing-box-1.13.14-linux-amd64.tar.gz
📥 正在下载：https://16441.kstore.space/jjoo.json
✅ 无变化：filer/jjoo.json
📥 正在下载：https://suoha.psai.eu.org/suoha.sh
✅ 无变化：filer/suoha.sh
📥 正在下载：https://raw.githubusercontent.com/fscarmen/sing-box/main/sing-box.sh
✅ 无变化：filer/sing-box.sh
📥 正在下载：https://gitlab.com/fscarmen/warp/-/raw/main/menu.sh
✅ 无变化：filer/menu.sh
📥 正在下载：https://raw.githubusercontent.com/eooce/Sing-box/main/sing-box.sh
✅ 无变化：filer/sing-box1.sh.sh
📥 正在下载：https://raw.githubusercontent.com/eooce/ssh_tool/main/ssh_tool.sh
✅ 无变化：filer/ssh_tool.sh
🔎 检查 GitHub 最新版本：MatsuriDayo/NekoBoxForAndroid
❌ 未找到 GitHub Release 文件：MatsuriDayo/NekoBoxForAndroid NekoBox-.*arm64-v8a\.apk 
==== 同步运行结束 ====
==== 同步运行开始 2026-08-23 19:42:22 ====
📅 当前同步时间配置：0 0 * * *
📥 正在下载：https://github.com/SagerNet/sing-box/releases/download/v1.13.14/sing-box-1.13.14-linux-amd64.tar.gz
✅ 无变化：filer/sing-box-1.13.14-linux-amd64.tar.gz
📥 正在下载：https://16441.kstore.space/jjoo.json
✅ 无变化：filer/jjoo.json
📥 正在下载：https://suoha.psai.eu.org/suoha.sh
✅ 无变化：filer/suoha.sh
📥 正在下载：https://raw.githubusercontent.com/fscarmen/sing-box/main/sing-box.sh
✅ 无变化：filer/sing-box.sh
📥 正在下载：https://gitlab.com/fscarmen/warp/-/raw/main/menu.sh
✅ 无变化：filer/menu.sh
📥 正在下载：https://raw.githubusercontent.com/eooce/Sing-box/main/sing-box.sh
✅ 无变化：filer/sing-box1.sh.sh
📥 正在下载：https://raw.githubusercontent.com/eooce/ssh_tool/main/ssh_tool.sh
✅ 无变化：filer/ssh_tool.sh
🔎 检查 GitHub 最新版本：MatsuriDayo/NekoBoxForAndroid
✅ 最新文件：https://github.com/MatsuriDayo/NekoBoxForAndroid/releases/download/1.4.2/NekoBox-1.4.2-arm64-v8a.apk
https://github.com/MatsuriDayo/NekoBoxForAndroid/releases/download/1.4.2/NekoBox-1.4.2-armeabi-v7a.apk
https://github.com/MatsuriDayo/NekoBoxForAndroid/releases/download/1.4.2/NekoBox-1.4.2-x86.apk
https://github.com/MatsuriDayo/NekoBoxForAndroid/releases/download/1.4.2/NekoBox-1.4.2-x86_64.apk
📥 正在下载：https://github.com/MatsuriDayo/NekoBoxForAndroid/releases/download/1.4.2/NekoBox-1.4.2-arm64-v8a.apkhttps://github.com/MatsuriDayo/NekoBoxForAndroid/releases/download/1.4.2/NekoBox-1.4.2-armeabi-v7a.apkhttps://github.com/MatsuriDayo/NekoBoxForAndroid/releases/download/1.4.2/NekoBox-1.4.2-x86.apkhttps://github.com/MatsuriDayo/NekoBoxForAndroid/releases/download/1.4.2/NekoBox-1.4.2-x86_64.apk
❌ 下载失败：https://github.com/MatsuriDayo/NekoBoxForAndroid/releases/download/1.4.2/NekoBox-1.4.2-arm64-v8a.apkhttps://github.com/MatsuriDayo/NekoBoxForAndroid/releases/download/1.4.2/NekoBox-1.4.2-armeabi-v7a.apkhttps://github.com/MatsuriDayo/NekoBoxForAndroid/releases/download/1.4.2/NekoBox-1.4.2-x86.apkhttps://github.com/MatsuriDayo/NekoBoxForAndroid/releases/download/1.4.2/NekoBox-1.4.2-x86_64.apk
==== 同步运行结束 ====
==== 同步运行开始 2026-08-23 19:44:56 ====
📅 当前同步时间配置：0 0 * * *
📥 正在下载：https://github.com/SagerNet/sing-box/releases/download/v1.13.14/sing-box-1.13.14-linux-amd64.tar.gz
✅ 无变化：filer/sing-box-1.13.14-linux-amd64.tar.gz
📥 正在下载：https://16441.kstore.space/jjoo.json
✅ 无变化：filer/jjoo.json
📥 正在下载：https://suoha.psai.eu.org/suoha.sh
✅ 无变化：filer/suoha.sh
📥 正在下载：https://raw.githubusercontent.com/fscarmen/sing-box/main/sing-box.sh
✅ 无变化：filer/sing-box.sh
📥 正在下载：https://gitlab.com/fscarmen/warp/-/raw/main/menu.sh
✅ 无变化：filer/menu.sh
📥 正在下载：https://raw.githubusercontent.com/eooce/Sing-box/main/sing-box.sh
✅ 无变化：filer/sing-box1.sh.sh
📥 正在下载：https://raw.githubusercontent.com/eooce/ssh_tool/main/ssh_tool.sh
✅ 无变化：filer/ssh_tool.sh
🔎 检查 GitHub 最新版本：MatsuriDayo/NekoBoxForAndroid
✅ 最新文件：https://github.com/MatsuriDayo/NekoBoxForAndroid/releases/download/1.4.2/NekoBox-1.4.2-arm64-v8a.apk
https://github.com/MatsuriDayo/NekoBoxForAndroid/releases/download/1.4.2/NekoBox-1.4.2-armeabi-v7a.apk
https://github.com/MatsuriDayo/NekoBoxForAndroid/releases/download/1.4.2/NekoBox-1.4.2-x86.apk
https://github.com/MatsuriDayo/NekoBoxForAndroid/releases/download/1.4.2/NekoBox-1.4.2-x86_64.apk
📥 正在下载：https://github.com/MatsuriDayo/NekoBoxForAndroid/releases/download/1.4.2/NekoBox-1.4.2-arm64-v8a.apkhttps://github.com/MatsuriDayo/NekoBoxForAndroid/releases/download/1.4.2/NekoBox-1.4.2-armeabi-v7a.apkhttps://github.com/MatsuriDayo/NekoBoxForAndroid/releases/download/1.4.2/NekoBox-1.4.2-x86.apkhttps://github.com/MatsuriDayo/NekoBoxForAndroid/releases/download/1.4.2/NekoBox-1.4.2-x86_64.apk
❌ 下载失败：https://github.com/MatsuriDayo/NekoBoxForAndroid/releases/download/1.4.2/NekoBox-1.4.2-arm64-v8a.apkhttps://github.com/MatsuriDayo/NekoBoxForAndroid/releases/download/1.4.2/NekoBox-1.4.2-armeabi-v7a.apkhttps://github.com/MatsuriDayo/NekoBoxForAndroid/releases/download/1.4.2/NekoBox-1.4.2-x86.apkhttps://github.com/MatsuriDayo/NekoBoxForAndroid/releases/download/1.4.2/NekoBox-1.4.2-x86_64.apk
==== 同步运行结束 ====
==== 同步运行开始 2026-08-23 19:49:00 ====
📅 当前同步时间配置：0 0 * * *
📥 正在下载：https://github.com/SagerNet/sing-box/releases/download/v1.13.14/sing-box-1.13.14-linux-amd64.tar.gz
❌ 下载失败：https://github.com/SagerNet/sing-box/releases/download/v1.13.14/sing-box-1.13.14-linux-amd64.tar.gz
📥 正在下载：https://16441.kstore.space/jjoo.json
❌ 下载失败：https://16441.kstore.space/jjoo.json
📥 正在下载：https://suoha.psai.eu.org/suoha.sh
❌ 下载失败：https://suoha.psai.eu.org/suoha.sh
📥 正在下载：https://raw.githubusercontent.com/fscarmen/sing-box/main/sing-box.sh
❌ 下载失败：https://raw.githubusercontent.com/fscarmen/sing-box/main/sing-box.sh
📥 正在下载：https://gitlab.com/fscarmen/warp/-/raw/main/menu.sh
❌ 下载失败：https://gitlab.com/fscarmen/warp/-/raw/main/menu.sh
📥 正在下载：https://raw.githubusercontent.com/eooce/Sing-box/main/sing-box.sh
❌ 下载失败：https://raw.githubusercontent.com/eooce/Sing-box/main/sing-box.sh
📥 正在下载：https://raw.githubusercontent.com/eooce/ssh_tool/main/ssh_tool.sh
❌ 下载失败：https://raw.githubusercontent.com/eooce/ssh_tool/main/ssh_tool.sh
🔎 检查 GitHub 最新版本：MatsuriDayo/NekoBoxForAndroid
❌ 未找到 GitHub Release 文件：MatsuriDayo/NekoBoxForAndroid NekoBox-[0-9.]+-arm64-v8a\.apk 
==== 同步运行结束 ====
==== 同步运行开始 2026-08-23 19:54:45 ====
📅 当前同步时间配置：0 0 * * *
📥 正在下载：https://github.com/SagerNet/sing-box/releases/download/v1.13.14/sing-box-1.13.14-linux-amd64.tar.gz
✅ 无变化：filer/sing-box-1.13.14-linux-amd64.tar.gz
📥 正在下载：https://16441.kstore.space/jjoo.json
✅ 无变化：filer/jjoo.json
📥 正在下载：https://suoha.psai.eu.org/suoha.sh
✅ 无变化：filer/suoha.sh
📥 正在下载：https://raw.githubusercontent.com/fscarmen/sing-box/main/sing-box.sh
✅ 无变化：filer/sing-box.sh
📥 正在下载：https://gitlab.com/fscarmen/warp/-/raw/main/menu.sh
✅ 无变化：filer/menu.sh
📥 正在下载：https://raw.githubusercontent.com/eooce/Sing-box/main/sing-box.sh
✅ 无变化：filer/sing-box1.sh.sh
📥 正在下载：https://raw.githubusercontent.com/eooce/ssh_tool/main/ssh_tool.sh
✅ 无变化：filer/ssh_tool.sh
🔎 检查 GitHub 最新版本：MatsuriDayo/NekoBoxForAndroid
❌ 未找到 GitHub Release 文件：MatsuriDayo/NekoBoxForAndroid arm64-v8a.apk 
==== 同步运行结束 ====
==== 同步运行开始 2026-08-23 19:58:41 ====
📅 当前同步时间配置：0 0 * * *
📥 正在下载：https://github.com/SagerNet/sing-box/releases/download/v1.13.14/sing-box-1.13.14-linux-amd64.tar.gz
✅ 无变化：filer/sing-box-1.13.14-linux-amd64.tar.gz
📥 正在下载：https://16441.kstore.space/jjoo.json
✅ 无变化：filer/jjoo.json
📥 正在下载：https://suoha.psai.eu.org/suoha.sh
✅ 无变化：filer/suoha.sh
📥 正在下载：https://raw.githubusercontent.com/fscarmen/sing-box/main/sing-box.sh
✅ 无变化：filer/sing-box.sh
📥 正在下载：https://gitlab.com/fscarmen/warp/-/raw/main/menu.sh
✅ 无变化：filer/menu.sh
📥 正在下载：https://raw.githubusercontent.com/eooce/Sing-box/main/sing-box.sh
✅ 无变化：filer/sing-box1.sh.sh
📥 正在下载：https://raw.githubusercontent.com/eooce/ssh_tool/main/ssh_tool.sh
✅ 无变化：filer/ssh_tool.sh
🔎 检查 GitHub 最新版本：MatsuriDayo/NekoBoxForAndroid
❌ 未找到 GitHub Release 文件：MatsuriDayo/NekoBoxForAndroid arm64-v8a.apk 
==== 同步运行结束 ====
==== 同步运行开始 2026-08-23 20:02:08 ====
📅 当前同步时间配置：0 0 * * *
📥 正在下载：https://github.com/SagerNet/sing-box/releases/download/v1.13.14/sing-box-1.13.14-linux-amd64.tar.gz
✅ 无变化：filer/sing-box-1.13.14-linux-amd64.tar.gz
📥 正在下载：https://16441.kstore.space/jjoo.json
✅ 无变化：filer/jjoo.json
📥 正在下载：https://suoha.psai.eu.org/suoha.sh
✅ 无变化：filer/suoha.sh
📥 正在下载：https://raw.githubusercontent.com/fscarmen/sing-box/main/sing-box.sh
✅ 无变化：filer/sing-box.sh
📥 正在下载：https://gitlab.com/fscarmen/warp/-/raw/main/menu.sh
✅ 无变化：filer/menu.sh
📥 正在下载：https://raw.githubusercontent.com/eooce/Sing-box/main/sing-box.sh
✅ 无变化：filer/sing-box1.sh.sh
📥 正在下载：https://raw.githubusercontent.com/eooce/ssh_tool/main/ssh_tool.sh
✅ 无变化：filer/ssh_tool.sh
🔎 检查 GitHub 最新版本：MatsuriDayo/NekoBoxForAndroid
❌ 未找到 GitHub Release 文件：MatsuriDayo/NekoBoxForAndroid arm64-v8a.apk 
==== 同步运行结束 ====
==== 同步运行开始 2026-08-23 20:04:11 ====
📅 当前同步时间配置：0 0 * * *
📥 正在下载：https://github.com/SagerNet/sing-box/releases/download/v1.13.14/sing-box-1.13.14-linux-amd64.tar.gz
✅ 无变化：filer/sing-box-1.13.14-linux-amd64.tar.gz
📥 正在下载：https://16441.kstore.space/jjoo.json
✅ 无变化：filer/jjoo.json
📥 正在下载：https://suoha.psai.eu.org/suoha.sh
✅ 无变化：filer/suoha.sh
📥 正在下载：https://raw.githubusercontent.com/fscarmen/sing-box/main/sing-box.sh
✅ 无变化：filer/sing-box.sh
📥 正在下载：https://gitlab.com/fscarmen/warp/-/raw/main/menu.sh
✅ 无变化：filer/menu.sh
📥 正在下载：https://raw.githubusercontent.com/eooce/Sing-box/main/sing-box.sh
✅ 无变化：filer/sing-box1.sh.sh
📥 正在下载：https://raw.githubusercontent.com/eooce/ssh_tool/main/ssh_tool.sh
✅ 无变化：filer/ssh_tool.sh
🔎 检查 GitHub 最新版本：MatsuriDayo/NekoBoxForAndroid
❌ 未找到 GitHub Release 文件：MatsuriDayo/NekoBoxForAndroid arm64-v8a.apk 
==== 同步运行结束 ====
==== 同步运行开始 2026-08-23 20:11:30 ====
📅 当前同步时间配置：0 0 * * *
📥 正在下载：https://github.com/SagerNet/sing-box/releases/download/v1.13.14/sing-box-1.13.14-linux-amd64.tar.gz
✅ 无变化：filer/sing-box-1.13.14-linux-amd64.tar.gz
📥 正在下载：https://16441.kstore.space/jjoo.json
✅ 无变化：filer/jjoo.json
📥 正在下载：https://suoha.psai.eu.org/suoha.sh
✅ 无变化：filer/suoha.sh
📥 正在下载：https://raw.githubusercontent.com/fscarmen/sing-box/main/sing-box.sh
✅ 无变化：filer/sing-box.sh
📥 正在下载：https://gitlab.com/fscarmen/warp/-/raw/main/menu.sh
✅ 无变化：filer/menu.sh
📥 正在下载：https://raw.githubusercontent.com/eooce/Sing-box/main/sing-box.sh
✅ 无变化：filer/sing-box1.sh.sh
📥 正在下载：https://raw.githubusercontent.com/eooce/ssh_tool/main/ssh_tool.sh
✅ 无变化：filer/ssh_tool.sh
📥 正在下载：https://github.com/MatsuriDayo/NekoBoxForAndroid/releases/download/1.4.2/NekoBox-1.4.2-arm64-v8a.apk
📁 新文件：filer/NekoBox-1.4.2-arm64-v8a.apk
📥 正在下载：https://github.com/ExclaveNetwork/Exclave/releases/download/0.17.53/Exclave-0.17.53-arm64-v8a.apk
📁 新文件：filer/Exclave-0.17.53-arm64-v8a.apk
==== 同步运行结束 ====
==== 同步运行开始 2026-08-24 09:08:16 ====
📅 当前同步时间配置：0 0 * * *
📥 正在下载：https://github.com/SagerNet/sing-box/releases/download/v1.13.14/sing-box-1.13.14-linux-amd64.tar.gz
✅ 无变化：filer/sing-box-1.13.14-linux-amd64.tar.gz
📥 正在下载：https://16441.kstore.space/jjoo.json
✅ 无变化：filer/jjoo.json
📥 正在下载：https://suoha.psai.eu.org/suoha.sh
✅ 无变化：filer/suoha.sh
📥 正在下载：https://raw.githubusercontent.com/fscarmen/sing-box/main/sing-box.sh
✅ 无变化：filer/sing-box.sh
📥 正在下载：https://gitlab.com/fscarmen/warp/-/raw/main/menu.sh
✅ 无变化：filer/menu.sh
📥 正在下载：https://raw.githubusercontent.com/eooce/Sing-box/main/sing-box.sh
✅ 无变化：filer/sing-box1.sh.sh
📥 正在下载：https://raw.githubusercontent.com/eooce/ssh_tool/main/ssh_tool.sh
✅ 无变化：filer/ssh_tool.sh
📥 正在下载：https://github.com/MatsuriDayo/NekoBoxForAndroid/releases/download/1.4.2/NekoBox-1.4.2-arm64-v8a.apk
✅ 无变化：filer/NekoBox-1.4.2-arm64-v8a.apk
📥 正在下载：https://github.com/ExclaveNetwork/Exclave/releases/download/0.17.53/Exclave-0.17.53-arm64-v8a.apk
✅ 无变化：filer/Exclave-0.17.53-arm64-v8a.apk
==== 同步运行结束 ====
==== 同步运行开始 2026-08-25 09:07:09 ====
📅 当前同步时间配置：0 0 * * *
📥 正在下载：https://github.com/SagerNet/sing-box/releases/download/v1.13.14/sing-box-1.13.14-linux-amd64.tar.gz
✅ 无变化：filer/sing-box-1.13.14-linux-amd64.tar.gz
📥 正在下载：https://16441.kstore.space/jjoo.json
✅ 无变化：filer/jjoo.json
📥 正在下载：https://suoha.psai.eu.org/suoha.sh
✅ 无变化：filer/suoha.sh
📥 正在下载：https://raw.githubusercontent.com/fscarmen/sing-box/main/sing-box.sh
✅ 无变化：filer/sing-box.sh
📥 正在下载：https://gitlab.com/fscarmen/warp/-/raw/main/menu.sh
✅ 无变化：filer/menu.sh
📥 正在下载：https://raw.githubusercontent.com/eooce/Sing-box/main/sing-box.sh
✅ 无变化：filer/sing-box1.sh.sh
📥 正在下载：https://raw.githubusercontent.com/eooce/ssh_tool/main/ssh_tool.sh
✅ 无变化：filer/ssh_tool.sh
📥 正在下载：https://github.com/MatsuriDayo/NekoBoxForAndroid/releases/download/1.4.2/NekoBox-1.4.2-arm64-v8a.apk
✅ 无变化：filer/NekoBox-1.4.2-arm64-v8a.apk
📥 正在下载：https://github.com/ExclaveNetwork/Exclave/releases/download/0.17.53/Exclave-0.17.53-arm64-v8a.apk
✅ 无变化：filer/Exclave-0.17.53-arm64-v8a.apk
==== 同步运行结束 ====
==== 同步运行开始 2026-08-26 09:09:20 ====
📅 当前同步时间配置：0 0 * * *
📥 正在下载：https://github.com/SagerNet/sing-box/releases/download/v1.13.14/sing-box-1.13.14-linux-amd64.tar.gz
✅ 无变化：filer/sing-box-1.13.14-linux-amd64.tar.gz
📥 正在下载：https://16441.kstore.space/jjoo.json
✅ 无变化：filer/jjoo.json
📥 正在下载：https://suoha.psai.eu.org/suoha.sh
✅ 无变化：filer/suoha.sh
📥 正在下载：https://raw.githubusercontent.com/fscarmen/sing-box/main/sing-box.sh
✅ 无变化：filer/sing-box.sh
📥 正在下载：https://gitlab.com/fscarmen/warp/-/raw/main/menu.sh
✅ 无变化：filer/menu.sh
📥 正在下载：https://raw.githubusercontent.com/eooce/Sing-box/main/sing-box.sh
✅ 无变化：filer/sing-box1.sh.sh
📥 正在下载：https://raw.githubusercontent.com/eooce/ssh_tool/main/ssh_tool.sh
✅ 无变化：filer/ssh_tool.sh
📥 正在下载：https://github.com/MatsuriDayo/NekoBoxForAndroid/releases/download/1.4.2/NekoBox-1.4.2-arm64-v8a.apk
✅ 无变化：filer/NekoBox-1.4.2-arm64-v8a.apk
📥 正在下载：https://github.com/ExclaveNetwork/Exclave/releases/download/0.17.53/Exclave-0.17.53-arm64-v8a.apk
✅ 无变化：filer/Exclave-0.17.53-arm64-v8a.apk
==== 同步运行结束 ====
==== 同步运行开始 2026-08-27 15:17:22 ====
📅 当前同步时间配置：0 0 * * *
📥 正在下载：https://github.com/SagerNet/sing-box/releases/download/v1.13.14/sing-box-1.13.14-linux-amd64.tar.gz
✅ 无变化：filer/sing-box-1.13.14-linux-amd64.tar.gz
📥 正在下载：https://16441.kstore.space/jjoo.json
✅ 无变化：filer/jjoo.json
📥 正在下载：https://suoha.psai.eu.org/suoha.sh
✅ 无变化：filer/suoha.sh
📥 正在下载：https://raw.githubusercontent.com/fscarmen/sing-box/main/sing-box.sh
✅ 无变化：filer/sing-box.sh
📥 正在下载：https://gitlab.com/fscarmen/warp/-/raw/main/menu.sh
✅ 无变化：filer/menu.sh
📥 正在下载：https://raw.githubusercontent.com/eooce/Sing-box/main/sing-box.sh
🔄 文件更新：filer/sing-box1.sh.sh
📥 正在下载：https://raw.githubusercontent.com/eooce/ssh_tool/main/ssh_tool.sh
✅ 无变化：filer/ssh_tool.sh
📥 正在下载：https://github.com/MatsuriDayo/NekoBoxForAndroid/releases/download/1.4.2/NekoBox-1.4.2-arm64-v8a.apk
✅ 无变化：filer/NekoBox-1.4.2-arm64-v8a.apk
📥 正在下载：https://github.com/ExclaveNetwork/Exclave/releases/download/0.17.53/Exclave-0.17.53-arm64-v8a.apk
✅ 无变化：filer/Exclave-0.17.53-arm64-v8a.apk
📥 正在下载：https://github.com/XTLS/Xray-core/releases/download/v26.3.27/Xray-linux-64.zip
📁 新文件：filer/Xray-linux-64.zip
==== 同步运行结束 ====
==== 同步运行开始 2026-08-28 17:31:17 ====
📅 当前同步时间配置：0 0 * * *
📥 正在下载：https://github.com/SagerNet/sing-box/releases/download/v1.13.14/sing-box-1.13.14-linux-amd64.tar.gz
✅ 无变化：filer/sing-box-1.13.14-linux-amd64.tar.gz
📥 正在下载：https://16441.kstore.space/jjoo.json
✅ 无变化：filer/jjoo.json
📥 正在下载：https://suoha.psai.eu.org/suoha.sh
✅ 无变化：filer/suoha.sh
📥 正在下载：https://raw.githubusercontent.com/fscarmen/sing-box/main/sing-box.sh
✅ 无变化：filer/sing-box.sh
📥 正在下载：https://gitlab.com/fscarmen/warp/-/raw/main/menu.sh
✅ 无变化：filer/menu.sh
📥 正在下载：https://raw.githubusercontent.com/eooce/Sing-box/main/sing-box.sh
✅ 无变化：filer/sing-box1.sh.sh
📥 正在下载：https://raw.githubusercontent.com/eooce/ssh_tool/main/ssh_tool.sh
✅ 无变化：filer/ssh_tool.sh
📥 正在下载：https://github.com/MatsuriDayo/NekoBoxForAndroid/releases/download/1.4.2/NekoBox-1.4.2-arm64-v8a.apk
✅ 无变化：filer/NekoBox-1.4.2-arm64-v8a.apk
📥 正在下载：https://github.com/ExclaveNetwork/Exclave/releases/download/0.17.53/Exclave-0.17.53-arm64-v8a.apk
✅ 无变化：filer/Exclave-0.17.53-arm64-v8a.apk
📥 正在下载：https://github.com/XTLS/Xray-core/releases/download/v26.3.27/Xray-linux-64.zip
✅ 无变化：filer/Xray-linux-64.zip
==== 同步运行结束 ====
==== 同步运行开始 2026-08-29 13:37:44 ====
📅 当前同步时间配置：0 0 * * *
📥 正在下载：https://github.com/SagerNet/sing-box/releases/download/v1.13.14/sing-box-1.13.14-linux-amd64.tar.gz
✅ 无变化：filer/sing-box-1.13.14-linux-amd64.tar.gz
📥 正在下载：https://16441.kstore.space/jjoo.json
✅ 无变化：filer/jjoo.json
📥 正在下载：https://suoha.psai.eu.org/suoha.sh
✅ 无变化：filer/suoha.sh
📥 正在下载：https://raw.githubusercontent.com/fscarmen/sing-box/main/sing-box.sh
✅ 无变化：filer/sing-box.sh
📥 正在下载：https://gitlab.com/fscarmen/warp/-/raw/main/menu.sh
✅ 无变化：filer/menu.sh
📥 正在下载：https://raw.githubusercontent.com/eooce/Sing-box/main/sing-box.sh
✅ 无变化：filer/sing-box1.sh.sh
📥 正在下载：https://raw.githubusercontent.com/eooce/ssh_tool/main/ssh_tool.sh
✅ 无变化：filer/ssh_tool.sh
📥 正在下载：https://github.com/MatsuriDayo/NekoBoxForAndroid/releases/download/1.4.2/NekoBox-1.4.2-arm64-v8a.apk
✅ 无变化：filer/NekoBox-1.4.2-arm64-v8a.apk
📥 正在下载：https://github.com/ExclaveNetwork/Exclave/releases/download/0.17.53/Exclave-0.17.53-arm64-v8a.apk
✅ 无变化：filer/Exclave-0.17.53-arm64-v8a.apk
📥 正在下载：https://github.com/XTLS/Xray-core/releases/download/v26.3.27/Xray-linux-64.zip
✅ 无变化：filer/Xray-linux-64.zip
==== 同步运行结束 ====
==== 同步运行开始 2026-08-30 11:37:38 ====
📅 当前同步时间配置：0 0 * * *
📥 正在下载：https://github.com/SagerNet/sing-box/releases/download/v1.13.14/sing-box-1.13.14-linux-amd64.tar.gz
✅ 无变化：filer/sing-box-1.13.14-linux-amd64.tar.gz
📥 正在下载：https://16441.kstore.space/jjoo.json
✅ 无变化：filer/jjoo.json
📥 正在下载：https://suoha.psai.eu.org/suoha.sh
✅ 无变化：filer/suoha.sh
📥 正在下载：https://raw.githubusercontent.com/fscarmen/sing-box/main/sing-box.sh
✅ 无变化：filer/sing-box.sh
📥 正在下载：https://gitlab.com/fscarmen/warp/-/raw/main/menu.sh
✅ 无变化：filer/menu.sh
📥 正在下载：https://raw.githubusercontent.com/eooce/Sing-box/main/sing-box.sh
✅ 无变化：filer/sing-box1.sh.sh
📥 正在下载：https://raw.githubusercontent.com/eooce/ssh_tool/main/ssh_tool.sh
✅ 无变化：filer/ssh_tool.sh
📥 正在下载：https://github.com/MatsuriDayo/NekoBoxForAndroid/releases/download/1.4.2/NekoBox-1.4.2-arm64-v8a.apk
✅ 无变化：filer/NekoBox-1.4.2-arm64-v8a.apk
📥 正在下载：https://github.com/ExclaveNetwork/Exclave/releases/download/0.17.53/Exclave-0.17.53-arm64-v8a.apk
✅ 无变化：filer/Exclave-0.17.53-arm64-v8a.apk
📥 正在下载：https://github.com/XTLS/Xray-core/releases/download/v26.3.27/Xray-linux-64.zip
✅ 无变化：filer/Xray-linux-64.zip
==== 同步运行结束 ====
==== 同步运行开始 2026-08-31 11:37:44 ====
📅 当前同步时间配置：0 0 * * *
📥 正在下载：https://github.com/SagerNet/sing-box/releases/download/v1.13.14/sing-box-1.13.14-linux-amd64.tar.gz
✅ 无变化：filer/sing-box-1.13.14-linux-amd64.tar.gz
📥 正在下载：https://16441.kstore.space/jjoo.json
✅ 无变化：filer/jjoo.json
📥 正在下载：https://suoha.psai.eu.org/suoha.sh
✅ 无变化：filer/suoha.sh
📥 正在下载：https://raw.githubusercontent.com/fscarmen/sing-box/main/sing-box.sh
🔄 文件更新：filer/sing-box.sh
📥 正在下载：https://gitlab.com/fscarmen/warp/-/raw/main/menu.sh
✅ 无变化：filer/menu.sh
📥 正在下载：https://raw.githubusercontent.com/eooce/Sing-box/main/sing-box.sh
✅ 无变化：filer/sing-box1.sh.sh
📥 正在下载：https://raw.githubusercontent.com/eooce/ssh_tool/main/ssh_tool.sh
✅ 无变化：filer/ssh_tool.sh
📥 正在下载：https://github.com/MatsuriDayo/NekoBoxForAndroid/releases/download/1.4.2/NekoBox-1.4.2-arm64-v8a.apk
✅ 无变化：filer/NekoBox-1.4.2-arm64-v8a.apk
📥 正在下载：https://github.com/ExclaveNetwork/Exclave/releases/download/0.17.53/Exclave-0.17.53-arm64-v8a.apk
✅ 无变化：filer/Exclave-0.17.53-arm64-v8a.apk
📥 正在下载：https://github.com/XTLS/Xray-core/releases/download/v26.3.27/Xray-linux-64.zip
✅ 无变化：filer/Xray-linux-64.zip
==== 同步运行结束 ====
==== 同步运行开始 2026-09-01 11:33:43 ====
📅 当前同步时间配置：0 0 * * *
📥 正在下载：https://github.com/SagerNet/sing-box/releases/download/v1.13.14/sing-box-1.13.14-linux-amd64.tar.gz
✅ 无变化：filer/sing-box-1.13.14-linux-amd64.tar.gz
📥 正在下载：https://16441.kstore.space/jjoo.json
✅ 无变化：filer/jjoo.json
📥 正在下载：https://suoha.psai.eu.org/suoha.sh
✅ 无变化：filer/suoha.sh
📥 正在下载：https://raw.githubusercontent.com/fscarmen/sing-box/main/sing-box.sh
✅ 无变化：filer/sing-box.sh
📥 正在下载：https://gitlab.com/fscarmen/warp/-/raw/main/menu.sh
✅ 无变化：filer/menu.sh
📥 正在下载：https://raw.githubusercontent.com/eooce/Sing-box/main/sing-box.sh
✅ 无变化：filer/sing-box1.sh.sh
📥 正在下载：https://raw.githubusercontent.com/eooce/ssh_tool/main/ssh_tool.sh
✅ 无变化：filer/ssh_tool.sh
📥 正在下载：https://github.com/MatsuriDayo/NekoBoxForAndroid/releases/download/1.4.2/NekoBox-1.4.2-arm64-v8a.apk
✅ 无变化：filer/NekoBox-1.4.2-arm64-v8a.apk
📥 正在下载：https://github.com/ExclaveNetwork/Exclave/releases/download/0.17.53/Exclave-0.17.53-arm64-v8a.apk
✅ 无变化：filer/Exclave-0.17.53-arm64-v8a.apk
📥 正在下载：https://github.com/XTLS/Xray-core/releases/download/v26.3.27/Xray-linux-64.zip
✅ 无变化：filer/Xray-linux-64.zip
==== 同步运行结束 ====
==== 同步运行开始 2026-09-02 10:51:59 ====
📅 当前同步时间配置：0 0 * * *
📥 正在下载：https://github.com/SagerNet/sing-box/releases/download/v1.13.14/sing-box-1.13.14-linux-amd64.tar.gz
✅ 无变化：filer/sing-box-1.13.14-linux-amd64.tar.gz
📥 正在下载：https://16441.kstore.space/jjoo.json
✅ 无变化：filer/jjoo.json
📥 正在下载：https://suoha.psai.eu.org/suoha.sh
✅ 无变化：filer/suoha.sh
📥 正在下载：https://raw.githubusercontent.com/fscarmen/sing-box/main/sing-box.sh
✅ 无变化：filer/sing-box.sh
📥 正在下载：https://gitlab.com/fscarmen/warp/-/raw/main/menu.sh
✅ 无变化：filer/menu.sh
📥 正在下载：https://raw.githubusercontent.com/eooce/Sing-box/main/sing-box.sh
✅ 无变化：filer/sing-box1.sh.sh
📥 正在下载：https://raw.githubusercontent.com/eooce/ssh_tool/main/ssh_tool.sh
✅ 无变化：filer/ssh_tool.sh
📥 正在下载：https://github.com/MatsuriDayo/NekoBoxForAndroid/releases/download/1.4.2/NekoBox-1.4.2-arm64-v8a.apk
✅ 无变化：filer/NekoBox-1.4.2-arm64-v8a.apk
📥 正在下载：https://github.com/ExclaveNetwork/Exclave/releases/download/0.17.53/Exclave-0.17.53-arm64-v8a.apk
✅ 无变化：filer/Exclave-0.17.53-arm64-v8a.apk
📥 正在下载：https://github.com/XTLS/Xray-core/releases/download/v26.3.27/Xray-linux-64.zip
✅ 无变化：filer/Xray-linux-64.zip
==== 同步运行结束 ====
==== 同步运行开始 2026-09-02 14:56:57 ====
📅 当前同步时间配置：0 0 * * *
📥 正在下载：https://github.com/SagerNet/sing-box/releases/download/v1.14.0/sing-box-1.14.0-linux-amd64.tar.gz
📁 新文件：filer/sing-box-1.14.0-linux-amd64.tar.gz
📥 正在下载：https://16441.kstore.space/jjoo.json
✅ 无变化：filer/jjoo.json
📥 正在下载：https://suoha.psai.eu.org/suoha.sh
✅ 无变化：filer/suoha.sh
📥 正在下载：https://raw.githubusercontent.com/fscarmen/sing-box/main/sing-box.sh
✅ 无变化：filer/sing-box.sh
📥 正在下载：https://gitlab.com/fscarmen/warp/-/raw/main/menu.sh
✅ 无变化：filer/menu.sh
📥 正在下载：https://raw.githubusercontent.com/eooce/Sing-box/main/sing-box.sh
✅ 无变化：filer/sing-box1.sh.sh
📥 正在下载：https://raw.githubusercontent.com/eooce/ssh_tool/main/ssh_tool.sh
✅ 无变化：filer/ssh_tool.sh
📥 正在下载：https://github.com/MatsuriDayo/NekoBoxForAndroid/releases/download/1.4.2/NekoBox-1.4.2-arm64-v8a.apk
✅ 无变化：filer/NekoBox-1.4.2-arm64-v8a.apk
📥 正在下载：https://github.com/ExclaveNetwork/Exclave/releases/download/0.17.53/Exclave-0.17.53-arm64-v8a.apk
✅ 无变化：filer/Exclave-0.17.53-arm64-v8a.apk
📥 正在下载：https://github.com/XTLS/Xray-core/releases/download/v26.3.27/Xray-linux-64.zip
✅ 无变化：filer/Xray-linux-64.zip
==== 同步运行结束 ====
==== 同步运行开始 2026-09-03 10:55:23 ====
📅 当前同步时间配置：0 0 * * *
📥 正在下载：https://github.com/SagerNet/sing-box/releases/download/v1.14.0/sing-box-1.14.0-linux-amd64.tar.gz
✅ 无变化：filer/sing-box-1.14.0-linux-amd64.tar.gz
📥 正在下载：https://16441.kstore.space/jjoo.json
✅ 无变化：filer/jjoo.json
📥 正在下载：https://suoha.psai.eu.org/suoha.sh
✅ 无变化：filer/suoha.sh
📥 正在下载：https://raw.githubusercontent.com/fscarmen/sing-box/main/sing-box.sh
✅ 无变化：filer/sing-box.sh
📥 正在下载：https://gitlab.com/fscarmen/warp/-/raw/main/menu.sh
✅ 无变化：filer/menu.sh
📥 正在下载：https://raw.githubusercontent.com/eooce/Sing-box/main/sing-box.sh
✅ 无变化：filer/sing-box1.sh.sh
📥 正在下载：https://raw.githubusercontent.com/eooce/ssh_tool/main/ssh_tool.sh
✅ 无变化：filer/ssh_tool.sh
📥 正在下载：https://github.com/MatsuriDayo/NekoBoxForAndroid/releases/download/1.4.2/NekoBox-1.4.2-arm64-v8a.apk
✅ 无变化：filer/NekoBox-1.4.2-arm64-v8a.apk
📥 正在下载：https://github.com/ExclaveNetwork/Exclave/releases/download/0.17.53/Exclave-0.17.53-arm64-v8a.apk
✅ 无变化：filer/Exclave-0.17.53-arm64-v8a.apk
📥 正在下载：https://github.com/XTLS/Xray-core/releases/download/v26.3.27/Xray-linux-64.zip
✅ 无变化：filer/Xray-linux-64.zip
==== 同步运行结束 ====
==== 同步运行开始 2026-09-04 10:55:04 ====
📅 当前同步时间配置：0 0 * * *
📥 正在下载：https://github.com/SagerNet/sing-box/releases/download/v1.14.0/sing-box-1.14.0-linux-amd64.tar.gz
✅ 无变化：filer/sing-box-1.14.0-linux-amd64.tar.gz
📥 正在下载：https://16441.kstore.space/jjoo.json
✅ 无变化：filer/jjoo.json
📥 正在下载：https://suoha.psai.eu.org/suoha.sh
✅ 无变化：filer/suoha.sh
📥 正在下载：https://raw.githubusercontent.com/fscarmen/sing-box/main/sing-box.sh
✅ 无变化：filer/sing-box.sh
📥 正在下载：https://gitlab.com/fscarmen/warp/-/raw/main/menu.sh
✅ 无变化：filer/menu.sh
📥 正在下载：https://raw.githubusercontent.com/eooce/Sing-box/main/sing-box.sh
✅ 无变化：filer/sing-box1.sh.sh
📥 正在下载：https://raw.githubusercontent.com/eooce/ssh_tool/main/ssh_tool.sh
✅ 无变化：filer/ssh_tool.sh
📥 正在下载：https://github.com/MatsuriDayo/NekoBoxForAndroid/releases/download/1.4.2/NekoBox-1.4.2-arm64-v8a.apk
✅ 无变化：filer/NekoBox-1.4.2-arm64-v8a.apk
📥 正在下载：https://github.com/ExclaveNetwork/Exclave/releases/download/0.17.53/Exclave-0.17.53-arm64-v8a.apk
✅ 无变化：filer/Exclave-0.17.53-arm64-v8a.apk
📥 正在下载：https://github.com/XTLS/Xray-core/releases/download/v26.3.27/Xray-linux-64.zip
✅ 无变化：filer/Xray-linux-64.zip
==== 同步运行结束 ====
==== 同步运行开始 2026-09-05 10:56:58 ====
📅 当前同步时间配置：0 0 * * *
📥 正在下载：https://github.com/SagerNet/sing-box/releases/download/v1.14.0/sing-box-1.14.0-linux-amd64.tar.gz
✅ 无变化：filer/sing-box-1.14.0-linux-amd64.tar.gz
📥 正在下载：https://16441.kstore.space/jjoo.json
✅ 无变化：filer/jjoo.json
📥 正在下载：https://suoha.psai.eu.org/suoha.sh
✅ 无变化：filer/suoha.sh
📥 正在下载：https://raw.githubusercontent.com/fscarmen/sing-box/main/sing-box.sh
✅ 无变化：filer/sing-box.sh
📥 正在下载：https://gitlab.com/fscarmen/warp/-/raw/main/menu.sh
🔄 文件更新：filer/menu.sh
📥 正在下载：https://raw.githubusercontent.com/eooce/Sing-box/main/sing-box.sh
✅ 无变化：filer/sing-box1.sh.sh
📥 正在下载：https://raw.githubusercontent.com/eooce/ssh_tool/main/ssh_tool.sh
✅ 无变化：filer/ssh_tool.sh
📥 正在下载：https://github.com/MatsuriDayo/NekoBoxForAndroid/releases/download/1.4.2/NekoBox-1.4.2-arm64-v8a.apk
✅ 无变化：filer/NekoBox-1.4.2-arm64-v8a.apk
📥 正在下载：https://github.com/ExclaveNetwork/Exclave/releases/download/0.17.53/Exclave-0.17.53-arm64-v8a.apk
✅ 无变化：filer/Exclave-0.17.53-arm64-v8a.apk
📥 正在下载：https://github.com/XTLS/Xray-core/releases/download/v26.3.27/Xray-linux-64.zip
✅ 无变化：filer/Xray-linux-64.zip
==== 同步运行结束 ====
